should create a service with specified configuration:
  1: |
    - name: http
      port: 80
      protocol: TCP
      targetPort: 8080
    - name: https
      port: 443
      protocol: TCP
      targetPort: 8443
