should create a service account when autoCreateServiceAccount is enabled:
  1: |
    apiVersion: apps/v1
    kind: Deployment
    metadata:
      labels:
        app.kubernetes.io/component: test-app
        app.kubernetes.io/instance: RELEASE-NAME
        app.kubernetes.io/managed-by: Helm
        app.kubernetes.io/name: test-app
        helm.sh/chart: ks-universal-test-version
      name: test-app
    spec:
      selector:
        matchLabels:
          app.kubernetes.io/component: test-app
          app.kubernetes.io/instance: RELEASE-NAME
          app.kubernetes.io/name: test-app
      template:
        metadata:
          labels:
            app.kubernetes.io/component: test-app
            app.kubernetes.io/instance: RELEASE-NAME
            app.kubernetes.io/managed-by: Helm
            app.kubernetes.io/name: test-app
            helm.sh/chart: ks-universal-test-version
        spec:
          containers:
            - image: nginx:latest
              name: main
          serviceAccountName: test-app
  2: |
    apiVersion: v1
    kind: ServiceAccount
    metadata:
      annotations:
        example.com/role: webserver
      labels:
        app.kubernetes.io/component: test-app
        app.kubernetes.io/instance: RELEASE-NAME
        app.kubernetes.io/managed-by: Helm
        app.kubernetes.io/name: test-app
        helm.sh/chart: ks-universal-test-version
      name: test-app
